== HEALTH ==
  {
    "status": "ok",
    "p95_ms": 5,
    "c2xx": 112,
    "c4xx": 10,
    "c5xx": 0,
    "lastReplayStatus": "unknown",
    "runtime": {
      "node": "v20.19.5",
      "uptime_s": 15906,
      "rss_mb": 73,
      "heap_used_mb": 17,
      "eventloop_delay_ms": 10,
      "p95_ms": 5,
      "p99_ms": 27
    },
    "caches": {
      "idempotency_current": 0
    },
    "rate_limit": {
      "enabled": true,
      "rpm": 60,
      "last5m_429": 0
    },
    "test_routes_enabled": false,
    "replay": {
      "lastStatus": "unknown",
      "refusals": 0,
      "retries": 0,
      "lastTs": null
    }
  }
== HEAD /v1/run ==
  % Total    % Received % Xferd  Average Speed   Time    Time     Time  Current
                                 Dload  Upload   Total   Spent    Left  Speed
  0     0    0     0    0     0      0      0 --:--:-- --:--:-- --:--:--     0  0     0    0     0    0     0      0      0 --:--:-- --:--:-- --:--:--     0
HTTP/2 204 
== LIMITS ==
  {
    "schema": "limits.v1",
    "max_nodes": 50,
    "max_edges": 200,
    "max_body_kb": 96,
    "rate_limit_rpm": 60,
    "flags": {
      "scm_lite": 1
    }
  }
== REQ-ID ==
x-request-id: test-req-123
== /v1/compare ==
404
== /v1/inspect ==
404
